// Jest Snapshot v1, https://goo.gl/fbAQLP

exports[`LaunchTemplateContainer should render with sorted data 1`] = `
<div
  className="flex flex-wrap -m-4"
>
  <div
    className="p-2 md:w-1/2 xl:w-1/3"
  >
    <div
      className="p-4 border border-gray-200 rounded-lg cursor-pointer "
      onClick={[Function]}
    >
      <div
        className="h-24"
      >
        <h2
          className="title-font mb-2 text-gray-900 text-lg font-medium"
        >
          John
        </h2>
        <p
          className="text-base leading-relaxed"
        >
          mocked desc
        </p>
      </div>
    </div>
  </div>
  <div
    className="p-2 md:w-1/2 xl:w-1/3"
  >
    <div
      className="p-4 border border-gray-200 rounded-lg cursor-pointer "
      onClick={[Function]}
    >
      <div
        className="h-24"
      >
        <h2
          className="title-font mb-2 text-gray-900 text-lg font-medium"
        >
          Mary
        </h2>
        <p
          className="text-base leading-relaxed"
        >
          mocked desc
        </p>
      </div>
    </div>
  </div>
  <div
    className="p-2 md:w-1/2 xl:w-1/3"
  >
    <div
      className="p-4 border border-gray-200 rounded-lg cursor-pointer bg-yellow-500"
      onClick={[Function]}
    >
      <div
        className="h-24"
      >
        <h2
          className="title-font mb-2 text-gray-900 text-lg font-medium"
        >
          Mike
        </h2>
        <p
          className="text-base leading-relaxed"
        >
          mocked desc
        </p>
      </div>
    </div>
  </div>
</div>
`;
